@main {
.__block0:
  y: int = const 1;
  print y;
}
