@main {
._block0:
  prod2: int = const 216;
  print prod2;
  ret;
}
