@main {
._block0:
  x: int = const 4;
  print x;
  ret;
}
