@main(a: int): int {
._block0:
  b: int = const 1;
  print b;
  print b;
  print b;
  ret b;
}
