@main(a: int): int {
.__block0:
  print a;
  ret a;
}
