@main(a: bool): bool {
.__block0:
  b: bool = not a;
  c: bool = not b;
  d: bool = not c;
  __var4: bool = not d;
  __var5: bool = not __var4;
  __var6: bool = not __var5;
  e: bool = not __var6;
  ret e;
}
