@main {
._block0:
  __var0: int = const 1;
  print __var0;
  ret;
}
