@main {
._block0:
  prod: int = const 36;
  print prod;
  ret;
}
